// Jest Snapshot v1, https://goo.gl/fbAQLP

exports[`Check navigationBar component renders correctly renders navigationBar 1`] = `
{
  "asFragment": [Function],
  "baseElement": <body>
    <div>
      <nav
        class="MuiPaper-root MuiPaper-elevation MuiPaper-elevation4 MuiAppBar-root MuiAppBar-colorPrimary MuiAppBar-positionFixed makeStyles-appBar-1 mui-fixed css-11b3ww9-MuiPaper-root-MuiAppBar-root"
      >
        <div
          class="MuiToolbar-root MuiToolbar-gutters MuiToolbar-regular css-hyum1k-MuiToolbar-root"
        >
          <div
            class="MuiGrid-root MuiGrid-container MuiGrid-item MuiGrid-grid-xs-12 MuiGrid-grid-lg-12 css-1x4vn2y-MuiGrid-root"
          >
            <div
              class="MuiGrid-root MuiGrid-item MuiGrid-grid-xs-4 MuiGrid-grid-lg-3 css-120v30d-MuiGrid-root"
            >
              <div
                class="makeStyles-breadcrumbs-3"
                role="presentation"
              >
                <div
                  class="MuiGrid-root MuiGrid-container MuiGrid-item MuiGrid-spacing-xs-2 MuiGrid-grid-xs-12 MuiGrid-grid-lg-12 css-sa6qj6-MuiGrid-root"
                >
                  <nav
                    arial-aria-label="breadcrumbs"
                    class="MuiTypography-root MuiTypography-body1 MuiBreadcrumbs-root css-63vwl1-MuiTypography-root-MuiBreadcrumbs-root"
                  >
                    <ol
                      class="MuiBreadcrumbs-ol css-4pdmu4-MuiBreadcrumbs-ol"
                    >
                      <li
                        class="MuiBreadcrumbs-li"
                      >
                        <div
                          class="MuiGrid-root MuiGrid-item MuiGrid-grid-xs-6 MuiGrid-grid-lg-12 css-pivvrl-MuiGrid-root"
                        >
                          <a
                            class="makeStyles-link-4"
                            data-testid="home-link"
                            href="/"
                          >
                            Inicio
                          </a>
                        </div>
                      </li>
                      <li
                        aria-hidden="true"
                        class="MuiBreadcrumbs-separator css-1wuw8dw-MuiBreadcrumbs-separator"
                      >
                        /
                      </li>
                      <li
                        class="MuiBreadcrumbs-li"
                      >
                        <div
                          class="MuiGrid-root MuiGrid-item MuiGrid-grid-xs-6 MuiGrid-grid-lg-12 css-pivvrl-MuiGrid-root"
                        >
                          <p
                            class="MuiTypography-root MuiTypography-body1 css-lzsq43-MuiTypography-root"
                            data-testid="product-details-link"
                          >
                            Detalles del Producto
                          </p>
                        </div>
                      </li>
                    </ol>
                  </nav>
                </div>
              </div>
            </div>
            <div
              class="MuiGrid-root MuiGrid-item MuiGrid-grid-xs-4 MuiGrid-grid-lg-6 css-r0tab3-MuiGrid-root"
            >
              <button
                class="MuiButtonBase-root MuiIconButton-root MuiIconButton-edgeStart MuiIconButton-sizeSmall css-1ynsyw7-MuiButtonBase-root-MuiIconButton-root"
                tabindex="0"
                type="button"
              >
                <img
                  class="makeStyles-image-2"
                  src="[object Object]"
                />
                <span
                  class="MuiTouchRipple-root css-8je8zh-MuiTouchRipple-root"
                />
              </button>
            </div>
            <div
              class="MuiGrid-root MuiGrid-item MuiGrid-grid-xs-4 MuiGrid-grid-lg-3 css-eqjzfc-MuiGrid-root"
            >
              <button
                arial-label="purchase-cart"
                class="MuiButtonBase-root MuiIconButton-root MuiIconButton-colorInherit MuiIconButton-sizeLarge css-1pz7awu-MuiButtonBase-root-MuiIconButton-root"
                tabindex="0"
                type="button"
              >
                <span
                  class="MuiBadge-root MuiBadge-root css-1c32n2y-MuiBadge-root"
                >
                  <svg
                    aria-hidden="true"
                    class="MuiSvgIcon-root MuiSvgIcon-fontSizeMedium css-i4bv87-MuiSvgIcon-root"
                    data-testid="ShoppingCartTwoToneIcon"
                    focusable="false"
                    viewBox="0 0 24 24"
                  >
                    <path
                      d="m15.55 11 2.76-5H6.16l2.37 5z"
                      opacity=".3"
                    />
                    <path
                      d="M15.55 13c.75 0 1.41-.41 1.75-1.03l3.58-6.49c.37-.66-.11-1.48-.87-1.48H5.21l-.94-2H1v2h2l3.6 7.59-1.35 2.44C4.52 15.37 5.48 17 7 17h12v-2H7l1.1-2h7.45zM6.16 6h12.15l-2.76 5H8.53L6.16 6zM7 18c-1.1 0-1.99.9-1.99 2S5.9 22 7 22s2-.9 2-2-.9-2-2-2zm10 0c-1.1 0-1.99.9-1.99 2s.89 2 1.99 2 2-.9 2-2-.9-2-2-2z"
                    />
                  </svg>
                  <span
                    class="MuiBadge-badge MuiBadge-standard MuiBadge-invisible MuiBadge-anchorOriginTopRight MuiBadge-anchorOriginTopRightRectangular MuiBadge-overlapRectangular MuiBadge-colorError MuiBadge-badge MuiBadge-invisible css-zkqb44-MuiBadge-badge"
                  />
                </span>
                <span
                  class="MuiTouchRipple-root css-8je8zh-MuiTouchRipple-root"
                />
              </button>
            </div>
          </div>
        </div>
      </nav>
    </div>
  </body>,
  "container": <div>
    <nav
      class="MuiPaper-root MuiPaper-elevation MuiPaper-elevation4 MuiAppBar-root MuiAppBar-colorPrimary MuiAppBar-positionFixed makeStyles-appBar-1 mui-fixed css-11b3ww9-MuiPaper-root-MuiAppBar-root"
    >
      <div
        class="MuiToolbar-root MuiToolbar-gutters MuiToolbar-regular css-hyum1k-MuiToolbar-root"
      >
        <div
          class="MuiGrid-root MuiGrid-container MuiGrid-item MuiGrid-grid-xs-12 MuiGrid-grid-lg-12 css-1x4vn2y-MuiGrid-root"
        >
          <div
            class="MuiGrid-root MuiGrid-item MuiGrid-grid-xs-4 MuiGrid-grid-lg-3 css-120v30d-MuiGrid-root"
          >
            <div
              class="makeStyles-breadcrumbs-3"
              role="presentation"
            >
              <div
                class="MuiGrid-root MuiGrid-container MuiGrid-item MuiGrid-spacing-xs-2 MuiGrid-grid-xs-12 MuiGrid-grid-lg-12 css-sa6qj6-MuiGrid-root"
              >
                <nav
                  arial-aria-label="breadcrumbs"
                  class="MuiTypography-root MuiTypography-body1 MuiBreadcrumbs-root css-63vwl1-MuiTypography-root-MuiBreadcrumbs-root"
                >
                  <ol
                    class="MuiBreadcrumbs-ol css-4pdmu4-MuiBreadcrumbs-ol"
                  >
                    <li
                      class="MuiBreadcrumbs-li"
                    >
                      <div
                        class="MuiGrid-root MuiGrid-item MuiGrid-grid-xs-6 MuiGrid-grid-lg-12 css-pivvrl-MuiGrid-root"
                      >
                        <a
                          class="makeStyles-link-4"
                          data-testid="home-link"
                          href="/"
                        >
                          Inicio
                        </a>
                      </div>
                    </li>
                    <li
                      aria-hidden="true"
                      class="MuiBreadcrumbs-separator css-1wuw8dw-MuiBreadcrumbs-separator"
                    >
                      /
                    </li>
                    <li
                      class="MuiBreadcrumbs-li"
                    >
                      <div
                        class="MuiGrid-root MuiGrid-item MuiGrid-grid-xs-6 MuiGrid-grid-lg-12 css-pivvrl-MuiGrid-root"
                      >
                        <p
                          class="MuiTypography-root MuiTypography-body1 css-lzsq43-MuiTypography-root"
                          data-testid="product-details-link"
                        >
                          Detalles del Producto
                        </p>
                      </div>
                    </li>
                  </ol>
                </nav>
              </div>
            </div>
          </div>
          <div
            class="MuiGrid-root MuiGrid-item MuiGrid-grid-xs-4 MuiGrid-grid-lg-6 css-r0tab3-MuiGrid-root"
          >
            <button
              class="MuiButtonBase-root MuiIconButton-root MuiIconButton-edgeStart MuiIconButton-sizeSmall css-1ynsyw7-MuiButtonBase-root-MuiIconButton-root"
              tabindex="0"
              type="button"
            >
              <img
                class="makeStyles-image-2"
                src="[object Object]"
              />
              <span
                class="MuiTouchRipple-root css-8je8zh-MuiTouchRipple-root"
              />
            </button>
          </div>
          <div
            class="MuiGrid-root MuiGrid-item MuiGrid-grid-xs-4 MuiGrid-grid-lg-3 css-eqjzfc-MuiGrid-root"
          >
            <button
              arial-label="purchase-cart"
              class="MuiButtonBase-root MuiIconButton-root MuiIconButton-colorInherit MuiIconButton-sizeLarge css-1pz7awu-MuiButtonBase-root-MuiIconButton-root"
              tabindex="0"
              type="button"
            >
              <span
                class="MuiBadge-root MuiBadge-root css-1c32n2y-MuiBadge-root"
              >
                <svg
                  aria-hidden="true"
                  class="MuiSvgIcon-root MuiSvgIcon-fontSizeMedium css-i4bv87-MuiSvgIcon-root"
                  data-testid="ShoppingCartTwoToneIcon"
                  focusable="false"
                  viewBox="0 0 24 24"
                >
                  <path
                    d="m15.55 11 2.76-5H6.16l2.37 5z"
                    opacity=".3"
                  />
                  <path
                    d="M15.55 13c.75 0 1.41-.41 1.75-1.03l3.58-6.49c.37-.66-.11-1.48-.87-1.48H5.21l-.94-2H1v2h2l3.6 7.59-1.35 2.44C4.52 15.37 5.48 17 7 17h12v-2H7l1.1-2h7.45zM6.16 6h12.15l-2.76 5H8.53L6.16 6zM7 18c-1.1 0-1.99.9-1.99 2S5.9 22 7 22s2-.9 2-2-.9-2-2-2zm10 0c-1.1 0-1.99.9-1.99 2s.89 2 1.99 2 2-.9 2-2-.9-2-2-2z"
                  />
                </svg>
                <span
                  class="MuiBadge-badge MuiBadge-standard MuiBadge-invisible MuiBadge-anchorOriginTopRight MuiBadge-anchorOriginTopRightRectangular MuiBadge-overlapRectangular MuiBadge-colorError MuiBadge-badge MuiBadge-invisible css-zkqb44-MuiBadge-badge"
                />
              </span>
              <span
                class="MuiTouchRipple-root css-8je8zh-MuiTouchRipple-root"
              />
            </button>
          </div>
        </div>
      </div>
    </nav>
  </div>,
  "debug": [Function],
  "findAllByAltText": [Function],
  "findAllByDisplayValue": [Function],
  "findAllByLabelText": [Function],
  "findAllByPlaceholderText": [Function],
  "findAllByRole": [Function],
  "findAllByTestId": [Function],
  "findAllByText": [Function],
  "findAllByTitle": [Function],
  "findByAltText": [Function],
  "findByDisplayValue": [Function],
  "findByLabelText": [Function],
  "findByPlaceholderText": [Function],
  "findByRole": [Function],
  "findByTestId": [Function],
  "findByText": [Function],
  "findByTitle": [Function],
  "getAllByAltText": [Function],
  "getAllByDisplayValue": [Function],
  "getAllByLabelText": [Function],
  "getAllByPlaceholderText": [Function],
  "getAllByRole": [Function],
  "getAllByTestId": [Function],
  "getAllByText": [Function],
  "getAllByTitle": [Function],
  "getByAltText": [Function],
  "getByDisplayValue": [Function],
  "getByLabelText": [Function],
  "getByPlaceholderText": [Function],
  "getByRole": [Function],
  "getByTestId": [Function],
  "getByText": [Function],
  "getByTitle": [Function],
  "queryAllByAltText": [Function],
  "queryAllByDisplayValue": [Function],
  "queryAllByLabelText": [Function],
  "queryAllByPlaceholderText": [Function],
  "queryAllByRole": [Function],
  "queryAllByTestId": [Function],
  "queryAllByText": [Function],
  "queryAllByTitle": [Function],
  "queryByAltText": [Function],
  "queryByDisplayValue": [Function],
  "queryByLabelText": [Function],
  "queryByPlaceholderText": [Function],
  "queryByRole": [Function],
  "queryByTestId": [Function],
  "queryByText": [Function],
  "queryByTitle": [Function],
  "rerender": [Function],
  "unmount": [Function],
}
`;
